// Jest Snapshot v1, https://goo.gl/fbAQLP

exports[`renders BasicLayout correctly 1`] = `
<div
  className="container"
>
  <main
    className="main"
  >
    <div
      className="titleContainer"
    >
      <h1
        className="title"
      >
        Test
      </h1>
    </div>
    <div
      className="content"
    >
      <div>
        Test
      </div>
    </div>
  </main>
  <footer
    className="footer"
  >
    <a>
      Creaded by CarlosBM
    </a>
  </footer>
</div>
`;
